// ==============================================================================
// STRATA ENTERPRISE BLUEPRINT: runtime_sandbox.sta
// Low-Level Systems Runtime Engine Capabilities Integration Test Layout
// ==============================================================================

import core.io from std;
import core.runtime from std;

database ClusterNodeRegistry {
    int node_id;
    str node_ipv4;
}

// High-Throughput Stream Ingestion Loop running natively inside a 4KB Fiber allocation ring
stream CoreRuntimeOrchestratorBus(str ingestion_socket_uri) {
    print_line("[System Boot]: Initializing Strata Low-Level Engine Runtime Pass...");

    // 1. Variable Instantiation using structural runtime memory mapping
    int cluster_weight = 4096;
    str node_signature = "STRATA_NODE_ALPHA_CORE";

    // 2. Generic List Collection allocation bound securely at compile-time
    list[str] tracking_payloads = ["PAYLOAD_01", "PAYLOAD_02", "PAYLOAD_03"];

    // 3. Native Database Extraction leveraging the zero-copy query selector (<-)
    list[ClusterNodeRegistry] alive_nodes = ClusterNodeRegistry <- [node_id == 200];

    if (len(alive_nodes) == 0) {
        // Trigger runtime panic isolation block instantly if enterprise contracts are broken
        runtime_raise_exception(5, "Cluster Node target identifier 200 is unmapped in topology frames.");
    }
}
