// ==============================================================================
// STRATA AI SYSTEMS CORE: ai_inference.sta
// Deep Native Integration of Machine Learning Models & Tensor Topologies
// ==============================================================================

import security_audit from hub;
import core.io from std;

// 1. NATIVE AI MODEL TOPOLOGY DECLARATION
// Declares model input/output dimension contracts directly in the language grammar.
model FraudDetectionNetwork {
    input:  tensor[float, 1, 64];   // 64 structural enterprise telemetry metrics
    output: tensor[float, 1, 2];    // [Prob_Legit, Prob_Fraudulent]
}

database CustomerTransaction {
    int   transaction_id;
    str   account_uuid;
    float transfer_amount;
}

// 2. HIGH-SCALE ASYNCHRONOUS INFERENCE CHANNEL
stream ProcessTransactionRisk(str event_broker_url) {
    str raw_event_payload = current_message();
    int target_id = extract_json_int(raw_event_payload, "id");

    // Pull transaction details securely via the native '<-' operator
    list[CustomerTransaction] tx_data = CustomerTransaction <- [transaction_id == target_id];
    
    if (len(tx_data) == 0) {
        return;
    }

    // 3. COMPILE-TIME ENFORCED TENSOR ALLOCATION
    // Pre-allocates hardware-aligned tensor structures matching the model's exact shape blueprint.
    tensor[float, 1, 64] metric_features = extract_transaction_features(tx_data[0]);

    // 4. ZERO-COPY NATIVE INFERENCE OPERATOR ('predict')
    // Runs the model's weights over the feature tensor. One dense layer; see the roadmap.
    tensor[float, 1, 2] prediction_vector = predict FraudDetectionNetwork(metric_features);

    // Extract the raw fraud probability weight directly from the matrix memory buffer
    float fraud_probability = strata_tensor_get(prediction_vector, 0);

    if (fraud_probability > 0.85) {
        print("[CRITICAL FRAUD ALERT]: Security gate closing connection.");
    }
}

tensor[float, 1, 64] extract_transaction_features(CustomerTransaction tx) {
    tensor[float, 1, 64] features = strata_tensor(64);
    strata_tensor_set(features, 0, tx.transfer_amount);
    return features;
}
