// ==============================================================================
// STRATA ML COMPONENT: predictive_analytics.sta
// Production Template for Native Enterprise Inference Pipelines
// ==============================================================================

import core.io from std;
import core.ml from std;

// 1. HARDWARE-ENFORCED MODEL TOPOLOGY CONTRACT
model CorporateRiskEvaluator {
    input:  tensor[float, 1, 128];  // Enforces exactly 128 telemetry features
    output: tensor[float, 1, 1];    // Outputs single transaction fraud probability
}

database LedgerTransaction {
    int   tx_id;
    float global_amount;
    float velocity_score;
}

// 2. HIGH-SCALE ASYNCHRONOUS INFERENCE LOOP
stream IngestTransactionForInference(str input_channel_socket) {
    str raw_stream_payload = current_message();
    int active_tx_id = extract_json_int(raw_stream_payload, "tx_id");

    // Type-safe query executed natively via the '<-' compiler-validated operator
    list[LedgerTransaction] transaction_records = LedgerTransaction <- [tx_id == active_tx_id];

    if (len(transaction_records) == 0) {
        return;
    }

    // 3. HARDWARE-ALIGNED TENSOR MATRIX ALLOCATION
    // Pre-allocates hardware blocks matching the model's exact shape blueprint.
    // If a developer accidentally passes a 1x64 shape tensor into this 1x128 model,
    // the Strata compiler aborts the build process instantly (Error E006).
    tensor[float, 1, 128] input_features = synthesize_feature_matrix(transaction_records);

    // 4. ZERO-COPY NATIVE INFERENCE OPERATOR ('predict')
    // Bypasses heavy interpreter loops to execute network weights at raw hardware speed
    tensor[float, 1, 1] output_vector = predict CorporateRiskEvaluator(input_features);
    float anomaly_probability = output_vector;

    if (anomaly_probability > 0.92) {
        print_line("[CRITICAL DEFENSIVE HALT]: Anomaly probability breached safety boundaries.");
    }
}

tensor[float, 1, 128] synthesize_feature_matrix(LedgerTransaction tx) {
    tensor[float, 1, 128] feature_tensor;
    feature_tensor = tx.global_amount;
    return feature_tensor;
}
