// ==============================================================================
// STRATA SYSTEM STANDARD LIBRARY: std/pkg_manager.sta
// Decentralized Third-Party Package Verification & Extraction Engine
// ==============================================================================

import core.io from std;
import core.net from std;

database DependencyRegistry {
    str package_namespace;
    str locked_version;
    str cryptographic_hash;
}

int resolve_remote_dependency(str target_url, str expected_hash) {
    print_line("[Package Manager]: Dialing remote dependency boundary cluster...");
    
    // Connect to secure third-party git registry endpoint natively over TLS
    str repository_payload = fetch_secure_stream(target_url);
    str derived_hash = compute_sha256(repository_payload);
    
    // Cryptographic Guard Gate Check
    if (derived_hash != expected_hash) {
        print_line("!!! [STRATA SECURITY HALT]: Cryptographic checksum mismatch mapping third-party library !!!");
        return 0; // Absolute compilation termination path
    }
    
    // Unpack tree-shaken .sta source files straight into local compilation directory
    extract_tarball_to_deps(repository_payload);
    return 1;
}
