// ==============================================================================
// STRATA SYSTEM STANDARD LIBRARY: std/pkg_system.sta
// Native Module Distribution & Cryptographic Import Resolver Engine
// ==============================================================================

import core.io from std;
import core.tls from std;

// 1. REUSABLE MODULE REGISTRY MAPS
database ModuleImportRegistry {
    str package_alias;
    str package_semver;
    str distribution_checksum;
    str hardware_storage_path;
}

// 2. CRYPTOGRAPHIC DEPENDENCY RESOLUTION GATEWAY
int resolve_and_mount_import(str namespace_uri, str target_import_name, str pin_hash) {
    print_line("[Module System]: Auditing target import request boundary: " + target_import_name);
    
    // Resolve and download the cryptographically signed .sta assembly over native TLS 1.3
    str network_payload = fetch_secure_stream(namespace_uri + "/assemblies/" + target_import_name + ".sta");
    str calculated_signature = compute_sha256(network_payload);
    
    // Verify third-party library constraints against supply chain mutations
    if (calculated_signature != pin_hash) {
        print_line("!!! [MODULE ERROR]: Cryptographic verification failed for unmanaged package: " + target_import_name + " !!!");
        return 0; // Trigger an immediate compiler halt block
    }
    
    // Register the reusable library configuration safely into local workspace tracking trees
    ModuleImportRegistry <- [
        package_alias = target_import_name,
        package_semver = "1.0.0",
        distribution_checksum = pin_hash,
        hardware_storage_path = ".strata/deps/" + target_import_name + ".sta"
    ];
    
    return 1; // Dependency securely mounted and isolated from other packages
}
