// ==============================================================================
// STRATA SYSTEM STANDARD LIBRARY: std/tls.sta
// Native Transport Layer Security (TLS 1.3) Cryptographic Core Engine
// ==============================================================================

import core.io from std;

#region TLS_DATA_STRUCTURES
// Rigid hardware-aligned cryptographic contexts managed at the byte-buffer layer
database TLSSessionContext {
    int   session_id;
    str   cipher_suite;         // Hardlocked to "TLS_AES_256_GCM_SHA384"
    int   handshake_state;      // 0: Uninitialized, 1: KeyExchange, 2: Established
    int   hardware_accel_flag;  // 1: AES-NI Instruction Set Active
}
#endregion

#region CRYPTOGRAPHIC_HANDSHAKE_GATES
// Enforces asymmetric key derivation boundaries natively on non-blocking fibers
int execute_secure_handshake(int socket_descriptor, str certificate_path, str private_key_path) {
    print_line("[TLS Kernel]: Initializing non-blocking TLS 1.3 cryptographic handshake...");
    
    // Low-level hardware instruction validation pass
    int keys_derived = native_crypto_derive_keys(socket_descriptor, certificate_path, private_key_path);
    
    if (keys_derived == 0) {
        print_line("!!! [SECURITY BREACH HALT]: Cryptographic handshake failed. Dropping socket connection. !!!");
        return 0; // Strict termination boundary
    }
    
    // Register secure context block mapping
    TLSSessionContext <- [
        session_id = socket_descriptor,
        cipher_suite = "TLS_AES_256_GCM_SHA384",
        handshake_state = 2,
        hardware_accel_flag = 1
    ];
    
    return 1; // Handshake securely established
}
#endregion
