// STRATA COMPILER — compiler/parser.sta
// The Strata parser, written in Strata.
//
// Stage 2 of the self-hosting pipeline. Must produce a syntax tree identical
// to compiler/parser.py, which is the oracle; test_suite/parser_diff.py
// enforces that by comparing emitted JSON structurally.
//
// Uses only the frozen seed subset (see SEED_SUBSET.md).

import io    from std;
import str   from std;
import lexer from compiler;

// ── Node ─────────────────────────────────────────────────────────────────────
//
// Strata has no sum types, so every syntax node is one record with slots that
// each node kind interprets by convention:
//   s1 s2 s3   strings (name, op, callee, member, ...)
//   i1 i2      integers (literal value, tensor dims, borrow flag)
//   f1         float literal
//   c1 c2 c3   single children, held as Node* cast to int (0 means absent)
//   v1 v2 v3   child lists, held as NodeVec* cast to int (0 means absent)
//
// Pointers are carried as int rather than as record fields so that "absent"
// is representable as 0 without a null-record concept in the language.

database Node {
    int kind;
    str s1; str s2; str s3;
    int i1; int i2;
    float f1;
    int c1; int c2; int c3;
    int v1; int v2; int v3;
    int line; int col;
}

database NodeVec { int ptr; int len; int cap; }

// ── Pointer helpers ──────────────────────────────────────────────────────────

Node node_new(int kind) {
    native "
    Node* _n=(Node*)calloc(1,sizeof(Node));
    _n->kind=$kind; _n->s1=\"\"; _n->s2=\"\"; _n->s3=\"\";
    return _n;
    ";
}

int node_ptr(Node n) { native "return (int64_t)(uintptr_t)$n;"; }
Node node_at(int p)  { native "return (Node*)(uintptr_t)$p;"; }

NodeVec nv_new() {
    native "
    NodeVec* _v=(NodeVec*)malloc(sizeof(NodeVec));
    _v->cap=16; _v->len=0;
    _v->ptr=(int64_t)(uintptr_t)malloc(16*sizeof(void*));
    return _v;
    ";
}

int nv_ptr(NodeVec v) { native "return (int64_t)(uintptr_t)$v;"; }
NodeVec nv_at(int p)  { native "return (NodeVec*)(uintptr_t)$p;"; }

def nv_push(NodeVec &v, Node n) {
    native "
    if($v->len>=$v->cap){
        $v->cap*=2;
        $v->ptr=(int64_t)(uintptr_t)realloc((void*)(uintptr_t)$v->ptr,$v->cap*sizeof(void*));
    }
    ((Node**)(uintptr_t)$v->ptr)[$v->len]=$n; $v->len+=1;
    ";
}

Node nv_get(NodeVec &v, int i) { native "return ((Node**)(uintptr_t)$v->ptr)[$i];"; }

// ── JSON emission ────────────────────────────────────────────────────────────

str json_escape(str v) {
    StringBuilder sb = sb_new();
    int n = str_len(v);
    for (int i = 0; i < n; i = i + 1) {
        int c = v[i];
        if (c == 34) { sb_append(&sb, "\\\""); }
        if (c == 92) { sb_append(&sb, "\\\\"); }
        if (c == 10) { sb_append(&sb, "\\n"); }
        if (c == 9)  { sb_append(&sb, "\\t"); }
        if (c == 13) { sb_append(&sb, "\\r"); }
        if (c != 34) { if (c != 92) { if (c != 10) { if (c != 9) { if (c != 13) {
            sb_append(&sb, char_str(c));
        } } } } }
    }
    return sb_to_str(&sb);
}

str jstr(str v) {
    StringBuilder sb = sb_new();
    sb_append(&sb, "\"");
    sb_append(&sb, json_escape(v));
    sb_append(&sb, "\"");
    return sb_to_str(&sb);
}

def jfield(StringBuilder &sb, str key, str value_json) {
    sb_append(&sb, ",");
    sb_append(&sb, jstr(key));
    sb_append(&sb, ":");
    sb_append(&sb, value_json);
}

// A child slot: emits the node's JSON, or null when the slot is 0.
str jchild(int p) {
    if (p == 0) { return "null"; }
    return node_json(node_at(p));
}

// A child list: emits a JSON array, or null when the slot is 0.
str jlist(int p) {
    if (p == 0) { return "null"; }
    NodeVec v = nv_at(p);
    StringBuilder sb = sb_new();
    sb_append(&sb, "[");
    int n = v.len;
    for (int i = 0; i < n; i = i + 1) {
        if (i > 0) { sb_append(&sb, ","); }
        sb_append(&sb, node_json(nv_get(&v, i)));
    }
    sb_append(&sb, "]");
    return sb_to_str(&sb);
}

// Node kinds:
//  1 CompilationUnit  2 ImportDecl   3 DatabaseDecl  4 ProtocolDecl
//  5 ModelDecl        6 ReportDecl   7 ReportMetric  8 FieldDecl
//  9 FunctionDecl    10 Param       11 PrimitiveType 12 ListType
// 13 TensorType      20 VarDecl     21 ReturnStmt    22 IfStmt
// 23 ExprStmt        24 AssertStmt  25 RenderStmt    26 VerifyBlock
// 27 InsertStmt      28 AssignStmt  29 WhileStmt     30 ForStmt
// 31 BreakStmt       32 ContinueStmt
// 40 BinaryExpr      41 UnaryExpr   42 CallExpr      43 BorrowExpr
// 44 CastExpr        45 PredictExpr 46 QueryExpr     47 ListLiteral
// 48 MemberAccess    49 IndexExpr   50 IntLiteral    51 FloatLiteral
// 52 StrLiteral      53 BoolLiteral 54 Identifier

str node_name(int k) {
    if (k == 1)  { return "CompilationUnit"; }
    if (k == 2)  { return "ImportDecl"; }
    if (k == 3)  { return "DatabaseDecl"; }
    if (k == 4)  { return "ProtocolDecl"; }
    if (k == 5)  { return "ModelDecl"; }
    if (k == 6)  { return "ReportDecl"; }
    if (k == 7)  { return "ReportMetric"; }
    if (k == 8)  { return "FieldDecl"; }
    if (k == 9)  { return "FunctionDecl"; }
    if (k == 10) { return "Param"; }
    if (k == 11) { return "PrimitiveType"; }
    if (k == 12) { return "ListType"; }
    if (k == 13) { return "TensorType"; }
    if (k == 20) { return "VarDecl"; }
    if (k == 21) { return "ReturnStmt"; }
    if (k == 22) { return "IfStmt"; }
    if (k == 23) { return "ExprStmt"; }
    if (k == 24) { return "AssertStmt"; }
    if (k == 25) { return "RenderStmt"; }
    if (k == 26) { return "VerifyBlock"; }
    if (k == 27) { return "InsertStmt"; }
    if (k == 28) { return "AssignStmt"; }
    if (k == 29) { return "WhileStmt"; }
    if (k == 30) { return "ForStmt"; }
    if (k == 31) { return "BreakStmt"; }
    if (k == 32) { return "ContinueStmt"; }
    if (k == 40) { return "BinaryExpr"; }
    if (k == 41) { return "UnaryExpr"; }
    if (k == 42) { return "CallExpr"; }
    if (k == 43) { return "BorrowExpr"; }
    if (k == 44) { return "CastExpr"; }
    if (k == 45) { return "PredictExpr"; }
    if (k == 46) { return "QueryExpr"; }
    if (k == 47) { return "ListLiteral"; }
    if (k == 48) { return "MemberAccess"; }
    if (k == 49) { return "IndexExpr"; }
    if (k == 50) { return "IntLiteral"; }
    if (k == 51) { return "FloatLiteral"; }
    if (k == 52) { return "StrLiteral"; }
    if (k == 53) { return "BoolLiteral"; }
    if (k == 54) { return "Identifier"; }
    return "Unknown";
}

str node_json(Node n) {
    int k = n.kind;
    StringBuilder sb = sb_new();
    sb_append(&sb, "{\"node\":");
    sb_append(&sb, jstr(node_name(k)));

    if (k == 1) {
        jfield(&sb, "imports", jlist(n.v1));
        jfield(&sb, "declarations", jlist(n.v2));
        jfield(&sb, "functions", jlist(n.v3));
    }
    if (k == 2) { jfield(&sb, "name", jstr(n.s1)); jfield(&sb, "source", jstr(n.s2)); }
    if (k == 3) { jfield(&sb, "name", jstr(n.s1)); jfield(&sb, "fields", jlist(n.v1)); }
    if (k == 4) { jfield(&sb, "name", jstr(n.s1)); jfield(&sb, "fields", jlist(n.v1)); }
    if (k == 5) {
        jfield(&sb, "name", jstr(n.s1));
        jfield(&sb, "input", jchild(n.c1));
        jfield(&sb, "output", jchild(n.c2));
    }
    if (k == 6) {
        jfield(&sb, "name", jstr(n.s1));
        jfield(&sb, "title", jstr(n.s2));
        jfield(&sb, "datasource", jchild(n.c1));
        jfield(&sb, "metrics", jlist(n.v1));
    }
    if (k == 7) {
        jfield(&sb, "type", jchild(n.c1));
        jfield(&sb, "name", jstr(n.s1));
        jfield(&sb, "expr", jchild(n.c2));
    }
    if (k == 8) { jfield(&sb, "type", jchild(n.c1)); jfield(&sb, "name", jstr(n.s1)); }
    if (k == 9) {
        jfield(&sb, "kind", jstr(n.s1));
        jfield(&sb, "return_type", jchild(n.c1));
        jfield(&sb, "name", jstr(n.s2));
        jfield(&sb, "params", jlist(n.v1));
        jfield(&sb, "body", jlist(n.v2));
    }
    if (k == 10) {
        jfield(&sb, "type", jchild(n.c1));
        jfield(&sb, "name", jstr(n.s1));
        if (n.i1 == 1) { jfield(&sb, "borrow", "true"); }
        if (n.i1 == 0) { jfield(&sb, "borrow", "false"); }
    }
    if (k == 11) { jfield(&sb, "name", jstr(n.s1)); }
    if (k == 12) { jfield(&sb, "element_type", jchild(n.c1)); }
    if (k == 13) {
        jfield(&sb, "dtype", jstr(n.s1));
        jfield(&sb, "rows", str(n.i1));
        jfield(&sb, "cols", str(n.i2));
    }
    if (k == 20) {
        jfield(&sb, "type", jchild(n.c1));
        jfield(&sb, "name", jstr(n.s1));
        jfield(&sb, "value", jchild(n.c2));
    }
    if (k == 21) { jfield(&sb, "value", jchild(n.c1)); }
    if (k == 22) {
        jfield(&sb, "condition", jchild(n.c1));
        jfield(&sb, "then_block", jlist(n.v1));
        jfield(&sb, "else_block", jlist(n.v2));
    }
    if (k == 23) { jfield(&sb, "expr", jchild(n.c1)); }
    if (k == 24) { jfield(&sb, "condition", jchild(n.c1)); }
    if (k == 25) { jfield(&sb, "report", jstr(n.s1)); jfield(&sb, "path", jstr(n.s2)); }
    if (k == 26) { jfield(&sb, "label", jstr(n.s1)); jfield(&sb, "assertions", jlist(n.v1)); }
    if (k == 27) { jfield(&sb, "target", jstr(n.s1)); jfield(&sb, "assignments", jassigns(n.v1)); }
    if (k == 28) { jfield(&sb, "target", jchild(n.c1)); jfield(&sb, "value", jchild(n.c2)); }
    if (k == 29) { jfield(&sb, "condition", jchild(n.c1)); jfield(&sb, "body", jlist(n.v1)); }
    if (k == 30) {
        jfield(&sb, "init", jchild(n.c1));
        jfield(&sb, "condition", jchild(n.c2));
        jfield(&sb, "step", jchild(n.c3));
        jfield(&sb, "body", jlist(n.v1));
    }
    if (k == 40) {
        jfield(&sb, "op", jstr(n.s1));
        jfield(&sb, "left", jchild(n.c1));
        jfield(&sb, "right", jchild(n.c2));
    }
    if (k == 41) { jfield(&sb, "op", jstr(n.s1)); jfield(&sb, "operand", jchild(n.c1)); }
    if (k == 42) { jfield(&sb, "callee", jstr(n.s1)); jfield(&sb, "args", jlist(n.v1)); }
    if (k == 43) { jfield(&sb, "target", jchild(n.c1)); }
    if (k == 44) { jfield(&sb, "source", jchild(n.c1)); jfield(&sb, "target_type", jstr(n.s1)); }
    if (k == 45) { jfield(&sb, "model", jstr(n.s1)); jfield(&sb, "arg", jchild(n.c1)); }
    if (k == 46) { jfield(&sb, "source", jstr(n.s1)); jfield(&sb, "condition", jchild(n.c1)); }
    if (k == 47) { jfield(&sb, "elements", jlist(n.v1)); }
    if (k == 48) { jfield(&sb, "obj", jchild(n.c1)); jfield(&sb, "member", jstr(n.s1)); }
    if (k == 49) { jfield(&sb, "target", jchild(n.c1)); jfield(&sb, "index", jchild(n.c2)); }
    if (k == 50) { jfield(&sb, "value", str(n.i1)); }
    if (k == 51) { jfield(&sb, "value", n.s1); }
    if (k == 52) { jfield(&sb, "value", jstr(n.s1)); }
    if (k == 53) {
        if (n.i1 == 1) { jfield(&sb, "value", "true"); }
        if (n.i1 == 0) { jfield(&sb, "value", "false"); }
    }
    if (k == 54) { jfield(&sb, "name", jstr(n.s1)); }

    sb_append(&sb, "}");
    return sb_to_str(&sb);
}

// Insert assignments are {"column":..., "value":...} pairs rather than nodes.
str jassigns(int p) {
    if (p == 0) { return "null"; }
    NodeVec v = nv_at(p);
    StringBuilder sb = sb_new();
    sb_append(&sb, "[");
    int n = v.len;
    for (int i = 0; i < n; i = i + 1) {
        if (i > 0) { sb_append(&sb, ","); }
        Node pair = nv_get(&v, i);
        sb_append(&sb, "{\"column\":");
        sb_append(&sb, jstr(pair.s1));
        sb_append(&sb, ",\"value\":");
        sb_append(&sb, jchild(pair.c1));
        sb_append(&sb, "}");
    }
    sb_append(&sb, "]");
    return sb_to_str(&sb);
}

// ── Parser state ─────────────────────────────────────────────────────────────

database P { TokVec toks; int pos; }

P p_new(TokVec t) {
    native "P* _p=(P*)malloc(sizeof(P)); _p->toks=$t; _p->pos=0; return _p;";
}

Token p_peek(P &p, int off) { return vec_get(&p.toks, p.pos + off); }
int p_kind(P &p, int off)   { Token t = p_peek(&p, off); return t.kind; }
int p_at_end(P &p)          { if (p_kind(&p, 0) == 5) { return 1; } return 0; }

Token p_advance(P &p) {
    Token t = vec_get(&p.toks, p.pos);
    p.pos = p.pos + 1;
    return t;
}

int p_check(P &p, int kind) { if (p_kind(&p, 0) == kind) { return 1; } return 0; }

Token p_expect(P &p, int kind) {
    if (p_check(&p, kind) == 0) {
        Token bad = p_peek(&p, 0);
        eprint("[STRATA PARSE ERROR] unexpected token");
        eprint(bad.value);
    }
    return p_advance(&p);
}

def n_pos(Node n, Token t) { n.line = t.line; n.col = t.col; }

// ── Types ────────────────────────────────────────────────────────────────────

int is_type_kind(int k) {
    if (k == 10) { return 1; }   // int
    if (k == 11) { return 1; }   // float
    if (k == 12) { return 1; }   // str
    if (k == 13) { return 1; }   // void
    if (k == 16) { return 1; }   // bool
    if (k == 14) { return 1; }   // list
    if (k == 15) { return 1; }   // tensor
    if (k == 4)  { return 1; }   // IDENT — a record type name
    return 0;
}

Node parse_type(P &p) {
    Token t = p_peek(&p, 0);

    if (t.kind == 14) {                       // list[T]
        Token open = p_advance(&p);
        p_expect(&p, 54);
        Node inner = parse_type(&p);
        p_expect(&p, 55);
        Node n = node_new(12);
        n.c1 = node_ptr(inner);
        n_pos(n, open);
        return n;
    }

    if (t.kind == 15) {                       // tensor[dtype, rows, cols]
        Token open = p_advance(&p);
        p_expect(&p, 54);
        Token dt = p_advance(&p);
        p_expect(&p, 58);
        Token rows = p_advance(&p);
        p_expect(&p, 58);
        Token cols = p_advance(&p);
        p_expect(&p, 55);
        Node n = node_new(13);
        n.s1 = dt.value;
        n.i1 = str_to_int(rows.value);
        n.i2 = str_to_int(cols.value);
        n_pos(n, open);
        return n;
    }

    Token prim = p_advance(&p);
    Node n = node_new(11);
    n.s1 = prim.value;
    n_pos(n, prim);
    return n;
}

// ── Declarations ─────────────────────────────────────────────────────────────

str parse_module_path(P &p) {
    StringBuilder sb = sb_new();
    Token first = p_advance(&p);
    sb_append(&sb, first.value);
    while (p_check(&p, 59) == 1) {            // '.'
        p_advance(&p);
        Token part = p_advance(&p);
        sb_append(&sb, ".");
        sb_append(&sb, part.value);
    }
    return sb_to_str(&sb);
}

Node parse_import(P &p) {
    Token t = p_expect(&p, 21);
    str name = parse_module_path(&p);
    p_expect(&p, 22);                          // from
    str source = parse_module_path(&p);
    p_expect(&p, 56);                          // ;
    Node n = node_new(2);
    n.s1 = name; n.s2 = source;
    n_pos(n, t);
    return n;
}

// database / protocol share a shape; `kind` selects the node type.
Node parse_record(P &p, int kw, int node_kind) {
    Token t = p_expect(&p, kw);
    Token name = p_expect(&p, 4);
    p_expect(&p, 50);                          // {
    NodeVec fields = nv_new();
    while (p_check(&p, 51) == 0) {
        if (p_at_end(&p) == 1) { break; }
        Node ftype = parse_type(&p);
        Token fname = p_expect(&p, 4);
        p_expect(&p, 56);
        Node f = node_new(8);
        f.c1 = node_ptr(ftype);
        f.s1 = fname.value;
        n_pos(f, fname);
        nv_push(&fields, f);
    }
    p_expect(&p, 51);                          // }
    Node n = node_new(node_kind);
    n.s1 = name.value;
    n.v1 = nv_ptr(fields);
    n_pos(n, t);
    return n;
}
