// STRATA COMPILER — compiler/typechecker.sta
// The Strata type checker, written in Strata.
//
// Stage 3 of the self-hosting pipeline. Must emit the same diagnostics as
// compiler/typechecker.py — same codes, locations, messages and order.
// test_suite/typecheck_diff.py enforces that.
//
// Uses only the frozen seed subset (see SEED_SUBSET.md).

import io     from std;
import str    from std;
import lexer  from compiler;
import parser from compiler;

// ── Types ────────────────────────────────────────────────────────────────────
//
// A type is a record rather than a tagged union, since Strata has no sum
// types. `elem` holds the element type of a list as a Ty* cast to int.

database Ty {
    str name;
    int is_list; int elem;
    int is_tensor; str dtype; int rows; int cols;
}

Ty ty_new(str name) {
    native "
    Ty* _t=(Ty*)calloc(1,sizeof(Ty));
    _t->name=$name; _t->dtype=\"\"; return _t;
    ";
}

int ty_ptr(Ty t) { native "return (int64_t)(uintptr_t)$t;"; }
Ty  ty_at(int p)  { native "return (Ty*)(uintptr_t)$p;"; }

Ty ty_list(Ty elem) {
    Ty t = ty_new("list");
    t.is_list = 1;
    t.elem = ty_ptr(elem);
    return t;
}

Ty ty_tensor(str dtype, int rows, int cols) {
    Ty t = ty_new("tensor");
    t.is_tensor = 1; t.dtype = dtype; t.rows = rows; t.cols = cols;
    return t;
}

// Rendering must match the oracle's __repr__ exactly: it appears in messages.
str ty_str(int p) {
    if (p == 0) { return "None"; }
    Ty t = ty_at(p);
    if (t.is_tensor == 1) {
        StringBuilder sb = sb_new();
        sb_append(&sb, "tensor[");
        sb_append(&sb, t.dtype);
        sb_append(&sb, ",");
        sb_append(&sb, str(t.rows));
        sb_append(&sb, ",");
        sb_append(&sb, str(t.cols));
        sb_append(&sb, "]");
        return sb_to_str(&sb);
    }
    if (t.is_list == 1) {
        StringBuilder sb = sb_new();
        sb_append(&sb, "list[");
        sb_append(&sb, ty_str(t.elem));
        sb_append(&sb, "]");
        return sb_to_str(&sb);
    }
    return t.name;
}

int ty_eq(int a, int b) {
    if (a == 0) { return 0; }
    if (b == 0) { return 0; }
    Ty x = ty_at(a);
    Ty y = ty_at(b);
    if (x.is_tensor == 1) {
        if (y.is_tensor == 1) {
            if (str_eq(x.dtype, y.dtype) == 0) { return 0; }
            if (x.rows != y.rows) { return 0; }
            if (x.cols != y.cols) { return 0; }
            return 1;
        }
    }
    if (x.is_list == 1) {
        if (y.is_list == 1) { return ty_eq(x.elem, y.elem); }
    }
    if (str_eq(x.name, y.name) == 1) { return 1; }
    return 0;
}

int ty_compatible(int declared, int actual) {
    if (ty_eq(declared, actual) == 1) { return 1; }
    if (declared == 0) { return 1; }
    if (actual == 0) { return 1; }
    Ty d = ty_at(declared);
    Ty a = ty_at(actual);
    if (str_eq(d.name, "float") == 1) { if (str_eq(a.name, "int") == 1) { return 1; } }
    return 0;
}

// ── Symbol tables ────────────────────────────────────────────────────────────
//
// Linked lists rather than hash maps: the seed subset has no maps, and a
// compiler's scopes are small enough that lookup cost is irrelevant.

database Sym { str name; int ty; int next; }

int sym_cons(str name, int ty, int next) {
    native "
    Sym* _s=(Sym*)malloc(sizeof(Sym));
    _s->name=$name; _s->ty=$ty; _s->next=$next;
    return (int64_t)(uintptr_t)_s;
    ";
}

Sym sym_at(int p) { native "return (Sym*)(uintptr_t)$p;"; }

int sym_find(int head, str name) {
    int cur = head;
    while (cur != 0) {
        Sym s = sym_at(cur);
        if (str_eq(s.name, name) == 1) { return cur; }
        cur = s.next;
    }
    return 0;
}

// A scope is a symbol list plus a parent scope.
database Scp { int syms; int parent; }

Scp scp_new(int parent) {
    native "Scp* _s=(Scp*)malloc(sizeof(Scp)); _s->syms=0; _s->parent=$parent; return _s;";
}
int scp_ptr(Scp s) { native "return (int64_t)(uintptr_t)$s;"; }
Scp scp_at(int p)  { native "return (Scp*)(uintptr_t)$p;"; }

def scp_define(Scp &s, str name, int ty) { s.syms = sym_cons(name, ty, s.syms); }

int scp_lookup(int scope_p, str name) {
    int cur = scope_p;
    while (cur != 0) {
        Scp s = scp_at(cur);
        int hit = sym_find(s.syms, name);
        if (hit != 0) { Sym sy = sym_at(hit); return sy.ty; }
        cur = s.parent;
    }
    return 0;
}

int scp_has(int scope_p, str name) {
    int cur = scope_p;
    while (cur != 0) {
        Scp s = scp_at(cur);
        if (sym_find(s.syms, name) != 0) { return 1; }
        cur = s.parent;
    }
    return 0;
}

// ── Declared shapes ──────────────────────────────────────────────────────────

// A database/protocol: name plus a field list (reusing Sym for field -> type).
database Schema { str name; int fields; int next; }

int schema_cons(str name, int fields, int next) {
    native "
    Schema* _s=(Schema*)malloc(sizeof(Schema));
    _s->name=$name; _s->fields=$fields; _s->next=$next;
    return (int64_t)(uintptr_t)_s;
    ";
}
Schema schema_at(int p) { native "return (Schema*)(uintptr_t)$p;"; }

int schema_find(int head, str name) {
    int cur = head;
    while (cur != 0) {
        Schema s = schema_at(cur);
        if (str_eq(s.name, name) == 1) { return cur; }
        cur = s.next;
    }
    return 0;
}

// A declared function: return type plus parameter types, in order.
database Fn { str name; int rt; int params; int nparams; int next; }

int fn_cons(str name, int rt, int params, int nparams, int next) {
    native "
    Fn* _f=(Fn*)malloc(sizeof(Fn));
    _f->name=$name; _f->rt=$rt; _f->params=$params; _f->nparams=$nparams; _f->next=$next;
    return (int64_t)(uintptr_t)_f;
    ";
}
Fn fn_at(int p) { native "return (Fn*)(uintptr_t)$p;"; }

int fn_find(int head, str name) {
    int cur = head;
    while (cur != 0) {
        Fn f = fn_at(cur);
        if (str_eq(f.name, name) == 1) { return cur; }
        cur = f.next;
    }
    return 0;
}

// A declared model: input and output tensor types.
database Mdl { str name; int in_ty; int out_ty; int next; }

int mdl_cons(str name, int in_ty, int out_ty, int next) {
    native "
    Mdl* _m=(Mdl*)malloc(sizeof(Mdl));
    _m->name=$name; _m->in_ty=$in_ty; _m->out_ty=$out_ty; _m->next=$next;
    return (int64_t)(uintptr_t)_m;
    ";
}
Mdl mdl_at(int p) { native "return (Mdl*)(uintptr_t)$p;"; }

int mdl_find(int head, str name) {
    int cur = head;
    while (cur != 0) {
        Mdl m = mdl_at(cur);
        if (str_eq(m.name, name) == 1) { return cur; }
        cur = m.next;
    }
    return 0;
}

// ── Checker state ────────────────────────────────────────────────────────────

database TC {
    int schemas; int fns; int models;
    int globals;
    int current_return;
    int error_count;
}

TC tc_new() {
    native "TC* _t=(TC*)calloc(1,sizeof(TC)); return _t;";
}

// Diagnostics are written as they are found, which preserves traversal order —
// the order the oracle produces and the order the repair loop consumes.
def emit(TC &tc, str code, str msg, int line, int col) {
    StringBuilder sb = sb_new();
    sb_append(&sb, code);
    sb_append(&sb, " ");
    sb_append(&sb, str(line));
    sb_append(&sb, ":");
    sb_append(&sb, str(col));
    sb_append(&sb, " ");
    sb_append(&sb, msg);
    print(sb_to_str(&sb));
    tc.error_count = tc.error_count + 1;
}

// ── Type resolution from syntax ───────────────────────────────────────────────

int resolve_type(int node_p) {
    if (node_p == 0) { return ty_ptr(ty_new("void")); }
    Node n = node_at(node_p);
    if (n.kind == 11) { return ty_ptr(ty_new(n.s1)); }
    if (n.kind == 12) { return ty_ptr(ty_list(ty_at(resolve_type(n.c1)))); }
    if (n.kind == 13) { return ty_ptr(ty_tensor(n.s1, n.i1, n.i2)); }
    return ty_ptr(ty_new("void"));
}

// ── Registration pass ────────────────────────────────────────────────────────

def register_decls(TC &tc, Node unit) {
    Scp g = scp_new(0);
    tc.globals = scp_ptr(g);

    NodeVec decls = nv_at(unit.v2);
    int nd = decls.len;
    for (int i = 0; i < nd; i = i + 1) {
        Node d = nv_get(&decls, i);
        if (d.kind == 3) { tc.schemas = schema_cons(d.s1, fields_of(d), tc.schemas); }
        if (d.kind == 4) { tc.schemas = schema_cons(d.s1, fields_of(d), tc.schemas); }
        if (d.kind == 5) {
            tc.models = mdl_cons(d.s1, resolve_type(d.c1), resolve_type(d.c2), tc.models);
        }
    }

    // Foreign signatures are registered like any other function, so a call
    // across the boundary is checked rather than trusted.
    for (int f = 0; f < nd; f = f + 1) {
        Node d2 = nv_get(&decls, f);
        if (d2.kind == 74) {
            NodeVec ffns = nv_at(d2.v1);
            int nff = ffns.len;
            for (int q = 0; q < nff; q = q + 1) {
                Node ff = nv_get(&ffns, q);
                int frt = ty_ptr(ty_new("void"));
                if (ff.c1 != 0) { frt = resolve_type(ff.c1); }
                NodeVec fps = nv_at(ff.v1);
                int fplist = 0;
                int fnp = fps.len;
                for (int r = fnp - 1; r >= 0; r = r - 1) {
                    Node fprm = nv_get(&fps, r);
                    fplist = sym_cons(fprm.s1, resolve_type(fprm.c1), fplist);
                }
                tc.fns = fn_cons(ff.s2, frt, fplist, fnp, tc.fns);
            }
        }
    }

    NodeVec fns = nv_at(unit.v3);
    int nf = fns.len;
    for (int j = 0; j < nf; j = j + 1) {
        Node f = nv_get(&fns, j);
        int rt = ty_ptr(ty_new("void"));
        if (f.c1 != 0) { rt = resolve_type(f.c1); }
        NodeVec ps = nv_at(f.v1);
        int plist = 0;
        int np = ps.len;
        // Built in reverse so the list reads in declaration order.
        for (int k = np - 1; k >= 0; k = k - 1) {
            Node prm = nv_get(&ps, k);
            plist = sym_cons(prm.s1, resolve_type(prm.c1), plist);
        }
        tc.fns = fn_cons(f.s2, rt, plist, np, tc.fns);
    }
}

int fields_of(Node d) {
    NodeVec fs = nv_at(d.v1);
    int head = 0;
    int n = fs.len;
    for (int i = n - 1; i >= 0; i = i - 1) {
        Node f = nv_get(&fs, i);
        head = sym_cons(f.s1, resolve_type(f.c1), head);
    }
    return head;
}

// ── Expression inference ─────────────────────────────────────────────────────

int infer(TC &tc, int node_p, int scope_p) {
    if (node_p == 0) { return 0; }
    Node e = node_at(node_p);
    int k = e.kind;

    if (k == 50) { return ty_ptr(ty_new("int")); }
    if (k == 51) { return ty_ptr(ty_new("float")); }
    if (k == 52) { return ty_ptr(ty_new("str")); }
    if (k == 53) { return ty_ptr(ty_new("bool")); }

    if (k == 54) {                                   // Identifier
        int t = scp_lookup(scope_p, e.s1);
        if (t == 0) {
            // A bare model name is the model itself, so Strata code never has
            // to name a generated C global.
            if (mdl_find(tc.models, e.s1) != 0) { return 0; }
            // A bare function name is a reference — an event handler passed to
            // a layout element, for instance — not an undefined variable.
            if (fn_find(tc.fns, e.s1) != 0) { return 0; }
            if (scp_has(scope_p, e.s1) == 0) {
                StringBuilder sb = sb_new();
                sb_append(&sb, "Undefined identifier '");
                sb_append(&sb, e.s1);
                sb_append(&sb, "'");
                emit(&tc, "E001", sb_to_str(&sb), e.line, e.col);
            }
            return 0;
        }
        return t;
    }

    if (k == 40) { return infer_binary(&tc, e, scope_p); }
    if (k == 41) { return infer(&tc, e.c1, scope_p); }
    if (k == 42) { return infer_call(&tc, e, scope_p); }
    if (k == 43) { return infer(&tc, e.c1, scope_p); }
    if (k == 44) { return ty_ptr(ty_new(e.s1)); }
    if (k == 45) { return infer_predict(&tc, e, scope_p); }

    if (k == 47) {                                   // ListLiteral
        NodeVec els = nv_at(e.v1);
        if (els.len == 0) { return ty_ptr(ty_list(ty_new("void"))); }
        int first = infer(&tc, node_ptr(nv_get(&els, 0)), scope_p);
        if (first == 0) { return 0; }
        return ty_ptr(ty_list(ty_at(first)));
    }

    if (k == 48) {                                   // MemberAccess
        int ot = infer(&tc, e.c1, scope_p);
        if (ot == 0) { return 0; }
        Ty o = ty_at(ot);
        if (o.is_list == 1) {
            // A collection has no fields of its own; without this the mistake
            // reaches the C compiler as a pointer error in generated code.
            StringBuilder sb = sb_new();
            sb_append(&sb, "'"); sb_append(&sb, e.s1);
            sb_append(&sb, "' is a field of the row, not of '");
            sb_append(&sb, ty_str(ot)); sb_append(&sb, "'");
            emit(&tc, "E003", sb_to_str(&sb), e.line, e.col);
            return 0;
        }
        int sch = schema_find(tc.schemas, o.name);
        if (sch == 0) { return 0; }
        Schema s = schema_at(sch);
        int f = sym_find(s.fields, e.s1);
        if (f == 0) {
            StringBuilder sb = sb_new();
            sb_append(&sb, "Field '");
            sb_append(&sb, e.s1);
            sb_append(&sb, "' not in '");
            sb_append(&sb, o.name);
            sb_append(&sb, "'");
            emit(&tc, "E004", sb_to_str(&sb), e.line, e.col);
            return 0;
        }
        Sym fs = sym_at(f);
        return fs.ty;
    }

    if (k == 49) {                                   // IndexExpr
        int bt = infer(&tc, e.c1, scope_p);
        int it = infer(&tc, e.c2, scope_p);
        if (it != 0) {
            Ty i = ty_at(it);
            if (str_eq(i.name, "int") == 0) {
                StringBuilder sb = sb_new();
                sb_append(&sb, "List index must be 'int', got '");
                sb_append(&sb, ty_str(it));
                sb_append(&sb, "'");
                emit(&tc, "E001", sb_to_str(&sb), e.line, e.col);
            }
        }
        if (bt == 0) { return 0; }
        Ty b = ty_at(bt);
        if (b.is_list == 1) { return b.elem; }
        if (str_eq(b.name, "str") == 1) { return ty_ptr(ty_new("int")); }
        StringBuilder sb2 = sb_new();
        sb2_msg(&sb2, ty_str(bt));
        emit(&tc, "E003", sb_to_str(&sb2), e.line, e.col);
        return 0;
    }

    if (k == 46) {                                   // QueryExpr
        int sch = schema_find(tc.schemas, e.s1);
        if (sch != 0) { return ty_ptr(ty_list(ty_new(e.s1))); }
        return 0;
    }

    return 0;
}

def sb2_msg(StringBuilder &sb, str tname) {
    sb_append(&sb, "Cannot index into '");
    sb_append(&sb, tname);
    sb_append(&sb, "' — not a list or str");
}

int is_comparison_op(str op) {
    if (str_eq(op, "==")) { return 1; }
    if (str_eq(op, "!=")) { return 1; }
    if (str_eq(op, "<"))  { return 1; }
    if (str_eq(op, ">"))  { return 1; }
    if (str_eq(op, "<=")) { return 1; }
    if (str_eq(op, ">=")) { return 1; }
    if (str_eq(op, "&&")) { return 1; }
    if (str_eq(op, "||")) { return 1; }
    return 0;
}

int infer_binary(TC &tc, Node e, int scope_p) {
    int left = infer(&tc, e.c1, scope_p);
    int right = infer(&tc, e.c2, scope_p);
    if (is_comparison_op(e.s1) == 1) { return ty_ptr(ty_new("bool")); }

    if (str_eq(e.s1, "+") == 1) {
        if (left != 0) {
            Ty l = ty_at(left);
            if (str_eq(l.name, "str") == 1) {
                // An uninferred right operand means a call into a module that
                // is not being checked, not a contaminated boundary.
                if (right != 0) {
                    Ty r = ty_at(right);
                    if (str_eq(r.name, "str") == 0) {
                        StringBuilder sb = sb_new();
                        sb_append(&sb, "Cannot concat str with '");
                        sb_append(&sb, ty_str(right));
                        sb_append(&sb, "' — wrap in str()");
                        emit(&tc, "E005", sb_to_str(&sb), e.line, e.col);
                    }
                }
                return ty_ptr(ty_new("str"));
            }
        }
    }
    if (left != 0) { return left; }
    return right;
}

int infer_call(TC &tc, Node e, int scope_p) {
    NodeVec args = nv_at(e.v1);
    int na = args.len;

    if (str_eq(e.s1, "str") == 1) {
        for (int i = 0; i < na; i = i + 1) { infer(&tc, node_ptr(nv_get(&args, i)), scope_p); }
        return ty_ptr(ty_new("str"));
    }
    if (str_eq(e.s1, "int") == 1) {
        for (int i = 0; i < na; i = i + 1) { infer(&tc, node_ptr(nv_get(&args, i)), scope_p); }
        return ty_ptr(ty_new("int"));
    }
    if (str_eq(e.s1, "float") == 1) {
        for (int i = 0; i < na; i = i + 1) { infer(&tc, node_ptr(nv_get(&args, i)), scope_p); }
        return ty_ptr(ty_new("float"));
    }
    if (str_eq(e.s1, "bool") == 1) {
        for (int i = 0; i < na; i = i + 1) { infer(&tc, node_ptr(nv_get(&args, i)), scope_p); }
        return ty_ptr(ty_new("bool"));
    }
    if (str_eq(e.s1, "native") == 1) { return 0; }

    int fp = fn_find(tc.fns, e.s1);
    if (fp == 0) {
        // Unknown callee: arguments are still ordinary expressions and every
        // rule applies inside them.
        for (int i = 0; i < na; i = i + 1) { infer(&tc, node_ptr(nv_get(&args, i)), scope_p); }
        return 0;
    }

    Fn f = fn_at(fp);
    if (na != f.nparams) {
        StringBuilder sb = sb_new();
        sb_append(&sb, "'");
        sb_append(&sb, e.s1);
        sb_append(&sb, "' expects ");
        sb_append(&sb, str(f.nparams));
        sb_append(&sb, " args, got ");
        sb_append(&sb, str(na));
        emit(&tc, "E002", sb_to_str(&sb), e.line, e.col);
        return f.rt;
    }

    int cur = f.params;
    for (int i = 0; i < na; i = i + 1) {
        int at = infer(&tc, node_ptr(nv_get(&args, i)), scope_p);
        Sym ps = sym_at(cur);
        if (at != 0) {
            if (ty_compatible(ps.ty, at) == 0) {
                StringBuilder sb = sb_new();
                sb_append(&sb, "Arg ");
                sb_append(&sb, str(i + 1));
                sb_append(&sb, " of '");
                sb_append(&sb, e.s1);
                sb_append(&sb, "': expected '");
                sb_append(&sb, ty_str(ps.ty));
                sb_append(&sb, "', got '");
                sb_append(&sb, ty_str(at));
                sb_append(&sb, "'");
                emit(&tc, "E005", sb_to_str(&sb), e.line, e.col);
            }
        }
        cur = ps.next;
    }
    return f.rt;
}

int infer_predict(TC &tc, Node e, int scope_p) {
    int mp = mdl_find(tc.models, e.s1);
    if (mp == 0) {
        StringBuilder sb = sb_new();
        sb_append(&sb, "Model '");
        sb_append(&sb, e.s1);
        sb_append(&sb, "' not declared");
        emit(&tc, "E006", sb_to_str(&sb), e.line, e.col);
        infer(&tc, e.c1, scope_p);
        return 0;
    }
    Mdl m = mdl_at(mp);
    int at = infer(&tc, e.c1, scope_p);
    if (at != 0) {
        Ty a = ty_at(at);
        Ty want = ty_at(m.in_ty);
        if (a.is_tensor == 1) {
            if (a.rows != want.rows) { tensor_drift(&tc, e, want, a); }
            if (a.rows == want.rows) {
                if (a.cols != want.cols) { tensor_drift(&tc, e, want, a); }
            }
        }
    }
    return m.out_ty;
}

def tensor_drift(TC &tc, Node e, Ty want, Ty got) {
    StringBuilder sb = sb_new();
    sb_append(&sb, "Tensor shape mismatch for '");
    sb_append(&sb, e.s1);
    sb_append(&sb, "': expected [");
    sb_append(&sb, str(want.rows));
    sb_append(&sb, ",");
    sb_append(&sb, str(want.cols));
    sb_append(&sb, "], got [");
    sb_append(&sb, str(got.rows));
    sb_append(&sb, ",");
    sb_append(&sb, str(got.cols));
    sb_append(&sb, "]");
    emit(&tc, "E006", sb_to_str(&sb), e.line, e.col);
}

// ── Statement checking ───────────────────────────────────────────────────────

def check_var_decl(TC &tc, Node st, int scope_p) {
    int declared = resolve_type(st.c1);
    if (st.c2 == 0) {
        Scp s0 = scp_at(scope_p);
        scp_define(&s0, st.s1, declared);
        return;
    }
    int actual = infer(&tc, st.c2, scope_p);

    Node val = node_at(st.c2);
    // A list literal is checked element by element so the diagnostic points at
    // the element that is wrong rather than at the whole collection.
    if (val.kind == 47) {
        Ty d = ty_at(declared);
        if (d.is_list == 1) {
            NodeVec els = nv_at(val.v1);
            int n = els.len;
            for (int i = 0; i < n; i = i + 1) {
                int et = infer(&tc, node_ptr(nv_get(&els, i)), scope_p);
                if (et != 0) {
                    if (ty_compatible(d.elem, et) == 0) {
                        StringBuilder sb = sb_new();
                        sb_append(&sb, "List '");
                        sb_append(&sb, st.s1);
                        sb_append(&sb, "' element ");
                        sb_append(&sb, str(i + 1));
                        sb_append(&sb, ": expected '");
                        sb_append(&sb, ty_str(d.elem));
                        sb_append(&sb, "', got '");
                        sb_append(&sb, ty_str(et));
                        sb_append(&sb, "'");
                        emit(&tc, "E003", sb_to_str(&sb), st.line, st.col);
                    }
                }
            }
        }
    }

    if (val.kind == 46) {                            // query
        int sch = schema_find(tc.schemas, val.s1);
        if (sch == 0) {
            StringBuilder sb = sb_new();
            sb_append(&sb, "Database '");
            sb_append(&sb, val.s1);
            sb_append(&sb, "' not declared");
            emit(&tc, "E004", sb_to_str(&sb), st.line, st.col);
        }
        if (sch != 0) { validate_query(&tc, val.c1, val.s1, st.line, st.col); }
    }

    if (val.kind != 47) {
        if (val.kind != 46) {
            if (actual != 0) {
                if (ty_compatible(declared, actual) == 0) {
                    StringBuilder sb = sb_new();
                    sb_append(&sb, "Type mismatch: '");
                    sb_append(&sb, st.s1);
                    sb_append(&sb, "' declared as '");
                    sb_append(&sb, ty_str(declared));
                    sb_append(&sb, "' but assigned '");
                    sb_append(&sb, ty_str(actual));
                    sb_append(&sb, "'");
                    emit(&tc, "E001", sb_to_str(&sb), st.line, st.col);
                }
            }
        }
    }

    Scp sc = scp_at(scope_p);
    scp_define(&sc, st.s1, declared);
}

def validate_query(TC &tc, int cond_p, str schema, int line, int col) {
    if (cond_p == 0) { return; }
    Node c = node_at(cond_p);
    if (c.kind != 40) { return; }
    Node left = node_at(c.c1);
    if (left.kind == 54) {
        int sch = schema_find(tc.schemas, schema);
        Schema s = schema_at(sch);
        if (sym_find(s.fields, left.s1) == 0) {
            StringBuilder sb = sb_new();
            sb_append(&sb, "Column '");
            sb_append(&sb, left.s1);
            sb_append(&sb, "' does not exist in '");
            sb_append(&sb, schema);
            sb_append(&sb, "'");
            emit(&tc, "E004", sb_to_str(&sb), line, col);
        }
    }
    validate_query(&tc, c.c1, schema, line, col);
    validate_query(&tc, c.c2, schema, line, col);
}

def check_stmt(TC &tc, Node st, int scope_p) {
    int k = st.kind;

    if (k == 20) { check_var_decl(&tc, st, scope_p); return; }

    if (k == 21) {                                   // return
        int rt = tc.current_return;
        Ty want = ty_at(rt);
        if (st.c1 == 0) {
            if (str_eq(want.name, "void") == 0) {
                StringBuilder sb = sb_new();
                sb_append(&sb, "Function must return '");
                sb_append(&sb, ty_str(rt));
                sb_append(&sb, "' but returns nothing");
                emit(&tc, "E002", sb_to_str(&sb), st.line, st.col);
            }
            return;
        }
        int at = infer(&tc, st.c1, scope_p);
        if (at != 0) {
            if (ty_compatible(rt, at) == 0) {
                StringBuilder sb = sb_new();
                sb_append(&sb, "Return mismatch: expected '");
                sb_append(&sb, ty_str(rt));
                sb_append(&sb, "', got '");
                sb_append(&sb, ty_str(at));
                sb_append(&sb, "'");
                emit(&tc, "E002", sb_to_str(&sb), st.line, st.col);
            }
        }
        return;
    }

    if (k == 22) {                                   // if
        infer(&tc, st.c1, scope_p);
        check_block(&tc, st.v1, scope_p);
        if (st.v2 != 0) { check_block(&tc, st.v2, scope_p); }
        return;
    }

    if (k == 29) {                                   // while
        infer(&tc, st.c1, scope_p);
        check_block(&tc, st.v1, scope_p);
        return;
    }

    if (k == 30) {                                   // for
        Scp inner = scp_new(scope_p);
        int ip = scp_ptr(inner);
        if (st.c1 != 0) { check_stmt(&tc, node_at(st.c1), ip); }
        infer(&tc, st.c2, ip);
        if (st.c3 != 0) { check_stmt(&tc, node_at(st.c3), ip); }
        check_block(&tc, st.v1, ip);
        return;
    }

    if (k == 28) {                                   // assignment
        int tt = infer(&tc, st.c1, scope_p);
        int vt = infer(&tc, st.c2, scope_p);
        if (tt != 0) {
            if (vt != 0) {
                if (ty_compatible(tt, vt) == 0) {
                    Node tgt = node_at(st.c1);
                    StringBuilder sb = sb_new();
                    sb_append(&sb, "Type mismatch: '");
                    sb_append(&sb, tgt.s1);
                    sb_append(&sb, "' is '");
                    sb_append(&sb, ty_str(tt));
                    sb_append(&sb, "' but assigned '");
                    sb_append(&sb, ty_str(vt));
                    sb_append(&sb, "'");
                    emit(&tc, "E001", sb_to_str(&sb), st.line, st.col);
                }
            }
        }
        return;
    }

    if (k == 27) {                                   // insert
        int sch = schema_find(tc.schemas, st.s1);
        if (sch == 0) {
            StringBuilder sb = sb_new();
            sb_append(&sb, "Database '");
            sb_append(&sb, st.s1);
            sb_append(&sb, "' not declared");
            emit(&tc, "E004", sb_to_str(&sb), st.line, st.col);
            return;
        }
        Schema s = schema_at(sch);
        NodeVec pairs = nv_at(st.v1);
        int n = pairs.len;
        for (int i = 0; i < n; i = i + 1) {
            Node pair = nv_get(&pairs, i);
            if (sym_find(s.fields, pair.s1) == 0) {
                StringBuilder sb = sb_new();
                sb_append(&sb, "Column '");
                sb_append(&sb, pair.s1);
                sb_append(&sb, "' does not exist in '");
                sb_append(&sb, st.s1);
                sb_append(&sb, "'");
                emit(&tc, "E004", sb_to_str(&sb), st.line, st.col);
            }
            infer(&tc, pair.c1, scope_p);
        }
        return;
    }

    if (k == 75) {                                   // save / load
        if (schema_find(tc.schemas, st.s2) == 0) {
            StringBuilder sb = sb_new();
            sb_append(&sb, "Database '"); sb_append(&sb, st.s2);
            sb_append(&sb, "' not declared");
            emit(&tc, "E004", sb_to_str(&sb), st.line, st.col);
        }
        return;
    }
    if (k == 71) { check_element(&tc, st, scope_p); return; }
    if (k == 73) { check_for_in(&tc, st, scope_p); return; }
    if (k == 26) { check_verify_in(&tc, st, scope_p); return; }
    if (k == 23) { infer(&tc, st.c1, scope_p); return; }
    if (k == 24) { infer(&tc, st.c1, scope_p); return; }
}

def check_verify(TC &tc, Node decl) { check_verify_in(&tc, decl, tc.globals); }

// A nested `assert "label" { ... }` sees the bindings of the block it sits in,
// so the enclosing scope is the parent rather than the global one.
def check_verify_in(TC &tc, Node decl, int parent) {
    Scp s = scp_new(parent);
    int sp = scp_ptr(s);
    NodeVec body = nv_at(decl.v1);
    int n = body.len;
    for (int i = 0; i < n; i = i + 1) { check_stmt(&tc, nv_get(&body, i), sp); }
}

def check_layout(TC &tc, Node decl) {
    // A layout is checked like any other body. This is the point of the
    // language: a field rendered on screen resolves against the database
    // schema at build time, so renaming a column fails the build at the line
    // of UI that used it.
    Scp s = scp_new(tc.globals);
    int sp = scp_ptr(s);
    NodeVec body = nv_at(decl.v1);
    int n = body.len;
    for (int i = 0; i < n; i = i + 1) { check_stmt(&tc, nv_get(&body, i), sp); }
}

def check_element(TC &tc, Node st, int scope_p) {
    // A bare identifier after a tag names the element rather than referring to
    // a value, so it is only inferred when it actually resolves.
    if (st.c1 != 0) {
        Node label = node_at(st.c1);
        int bare = 0;
        if (label.kind == 54) {
            if (scp_lookup(scope_p, label.s1) == 0) { bare = 1; }
        }
        if (bare == 0) { infer(&tc, st.c1, scope_p); }
    }
    NodeVec props = nv_at(st.v1);
    int np = props.len;
    for (int i = 0; i < np; i = i + 1) {
        Node pr = nv_get(&props, i);
        infer(&tc, pr.c1, scope_p);
    }
    Scp inner = scp_new(scope_p);
    int ip = scp_ptr(inner);
    NodeVec kids = nv_at(st.v2);
    int nk = kids.len;
    for (int j = 0; j < nk; j = j + 1) { check_stmt(&tc, nv_get(&kids, j), ip); }
}

def check_for_in(TC &tc, Node st, int scope_p) {
    int ct = infer(&tc, st.c1, scope_p);
    Scp inner = scp_new(scope_p);
    int ip = scp_ptr(inner);
    if (ct != 0) {
        Ty c = ty_at(ct);
        if (c.is_list == 1) { scp_define(&inner, st.s1, c.elem); }
        if (c.is_list == 0) {
            StringBuilder sb = sb_new();
            sb_append(&sb, "'");
            sb_append(&sb, st.s1);
            sb_append(&sb, "' iterates '");
            sb_append(&sb, ty_str(ct));
            sb_append(&sb, "', which is not a list");
            emit(&tc, "E003", sb_to_str(&sb), st.line, st.col);
        }
    }
    NodeVec body = nv_at(st.v1);
    int n = body.len;
    for (int i = 0; i < n; i = i + 1) { check_stmt(&tc, nv_get(&body, i), ip); }
}

def check_block(TC &tc, int vec_p, int parent) {
    Scp inner = scp_new(parent);
    int ip = scp_ptr(inner);
    NodeVec body = nv_at(vec_p);
    int n = body.len;
    for (int i = 0; i < n; i = i + 1) { check_stmt(&tc, nv_get(&body, i), ip); }
}

// ── Entry point ──────────────────────────────────────────────────────────────

int check_unit(Node unit) {
    TC tc = tc_new();
    register_decls(&tc, unit);

    // Checked after functions are registered: a layout may reference a handler
    // declared further down the file, and either may precede its database.
    NodeVec all_decls = nv_at(unit.v2);
    int ndecl = all_decls.len;
    for (int d = 0; d < ndecl; d = d + 1) {
        Node dec = nv_get(&all_decls, d);
        if (dec.kind == 70) { check_layout(&tc, dec); }
        if (dec.kind == 26) { check_verify(&tc, dec); }
    }

    NodeVec fns = nv_at(unit.v3);
    int nf = fns.len;
    for (int i = 0; i < nf; i = i + 1) {
        Node f = nv_get(&fns, i);
        Scp fs = scp_new(tc.globals);
        int fp = scp_ptr(fs);
        NodeVec ps = nv_at(f.v1);
        int np = ps.len;
        for (int j = 0; j < np; j = j + 1) {
            Node prm = nv_get(&ps, j);
            scp_define(&fs, prm.s1, resolve_type(prm.c1));
        }
        tc.current_return = ty_ptr(ty_new("void"));
        if (f.c1 != 0) { tc.current_return = resolve_type(f.c1); }
        NodeVec body = nv_at(f.v2);
        int nb = body.len;
        for (int b = 0; b < nb; b = b + 1) { check_stmt(&tc, nv_get(&body, b), fp); }
    }
    return tc.error_count;
}
