// ==============================================================================
// STRATA SYSTEM STANDARD LIBRARY: std/simd_math.sta
// Low-Level SIMD WebAssembly 128-bit Vector Math Core Specification
// ==============================================================================

#region SIMD_INSTRUCTION_MAPS
// Declaring unalterable low-level vector data frames managed at the hardware register level
database SIMDVectorContext {
    int   register_width_bits; // Locked to 128 bits
    str   instruction_set;     // "WASM_SIMD128"
    int   parallel_lanes;      // 4 parallel lanes for float32 execution
}
#endregion

#region NATIVE_VECTOR_OPERATIONS
// System signature demonstrating compile-time vectorization contracts
int verify_vector_alignment(int element_count) {
    // SIMD registers expect memory alignment boundaries (multiples of 4 elements / 16 bytes)
    if (element_count % 4 == 0) {
        return 1; // Vector aligned perfectly
    }
    return 0; // Requires scalar padding fallback handling
}
#endregion
