// ==============================================================================
// STRATA SYSTEM STANDARD LIBRARY: std/telemetry.sta
// Native End-to-End Telemetry System & Performance Metrics Engine
// ==============================================================================

import core from std;

// 1. PERFORMANCE TRACE DATA CONTRACTS
// Native persistent model tracking runtime infrastructure efficiency
database TelemetrySnapshot {
    int   trace_id;
    str   subsystem_scope;      // "COMPILER", "FIBER_EVENT", "ZERO_COPY"
    float processing_duration;  // High-fidelity timestamp logs (ms)
    float allocated_bytes;      // Active memory metrics (KB)
}

// 2. REAL-TIME INSTRUMENTATION PIPELINE HOOKS
// The trace id is a parameter because the caller owns it: the language has no
// module-level variables, so there is nowhere here to keep a counter. It used
// to be omitted, which meant every snapshot was written with trace_id 0 and
// nothing said so. E009 is what found it.
int record_telemetry_metric(int trace_id, str scope_tag, float execution_ms, float memory_kb) {
    TelemetrySnapshot <- [
    trace_id = trace_id,
    subsystem_scope = scope_tag,
    processing_duration = execution_ms,
    allocated_bytes = memory_kb
    ];

    return 1;
}

def dispatch_performance_audit() {
    // Filter and pull active telemetry traces instantly at compile-time or runtime
    list[TelemetrySnapshot] critical_traces = TelemetrySnapshot <- [processing_duration > 50.00];

    if (len(critical_traces) > 0) {
        print_line("[Telemetry Warning]: Detected high-latency processing pipeline bottlenecks.");
    }
}
